should match snapshot with default values:
  1: |
    apiVersion: apps/v1
    kind: Deployment
    metadata:
      labels:
        app.kubernetes.io/instance: test
        app.kubernetes.io/managed-by: Helm
        app.kubernetes.io/name: crunchy-userinit-controller
        app.kubernetes.io/version: 0.0.0
        helm.sh/chart: crunchy-userinit-controller-0.0.0
      name: test-crunchy-userinit-controller
    spec:
      replicas: 1
      selector:
        matchLabels:
          app.kubernetes.io/instance: test
          app.kubernetes.io/name: crunchy-userinit-controller
      strategy:
        type: Recreate
      template:
        metadata:
          labels:
            app.kubernetes.io/instance: test
            app.kubernetes.io/managed-by: Helm
            app.kubernetes.io/name: crunchy-userinit-controller
            app.kubernetes.io/version: 0.0.0
            helm.sh/chart: crunchy-userinit-controller-0.0.0
        spec:
          containers:
            - env:
                - name: CRUI_WATCH_NAMESPACE
                  value: test-ns
              image: ghcr.io/drummyfloyd/crunchy-userinit-controller:0.0.0
              imagePullPolicy: IfNotPresent
              livenessProbe:
                httpGet:
                  path: /healthz
                  port: 8080
              name: crunchy-userinit-controller
              resources: {}
              securityContext: {}
          securityContext: {}
          serviceAccountName: test-crunchy-userinit-controller
