should match snapshot with defautl:
  1: |
    apiVersion: rbac.authorization.k8s.io/v1
    kind: ClusterRole
    metadata:
      name: test-crunchy-userinit-controller-role-cluster
    rules:
      - apiGroups:
          - kopf.dev
        resources:
          - clusterkopfpeerings
        verbs:
          - list
          - watch
          - patch
          - get
      - apiGroups:
          - apiextensions.k8s.io
        resources:
          - customresourcedefinitions
        verbs:
          - list
          - watch
      - apiGroups:
          - ""
        resources:
          - namespaces
        verbs:
          - list
          - watch
      - apiGroups:
          - admissionregistration.k8s.io/v1
          - admissionregistration.k8s.io/v1beta1
        resources:
          - validatingwebhookconfigurations
          - mutatingwebhookconfigurations
        verbs:
          - create
          - patch
      - apiGroups:
          - kopf.dev
        resources:
          - kopfexamples
        verbs:
          - list
          - watch
  2: |
    apiVersion: rbac.authorization.k8s.io/v1
    kind: Role
    metadata:
      name: test-crunchy-userinit-controller-role-namespaced
      namespace: test-ns
    rules:
      - apiGroups:
          - kopf.dev
        resources:
          - kopfpeerings
        verbs:
          - list
          - watch
          - patch
          - get
      - apiGroups:
          - ""
        resources:
          - events
        verbs:
          - create
      - apiGroups:
          - ""
        resources:
          - secrets
        verbs:
          - get
          - list
          - watch
          - update
          - patch
  3: |
    apiVersion: rbac.authorization.k8s.io/v1
    kind: ClusterRoleBinding
    metadata:
      name: test-crunchy-userinit-controller-rolebinding-cluster
    roleRef:
      apiGroup: rbac.authorization.k8s.io
      kind: ClusterRole
      name: test-crunchy-userinit-controller-role-cluster
    subjects:
      - kind: ServiceAccount
        name: test-crunchy-userinit-controller
        namespace: test-ns
  4: |
    apiVersion: rbac.authorization.k8s.io/v1
    kind: RoleBinding
    metadata:
      name: test-crunchy-userinit-controller-rolebinding-namespaced
      namespace: test-ns
    roleRef:
      apiGroup: rbac.authorization.k8s.io
      kind: Role
      name: test-crunchy-userinit-controller-role-namespaced
    subjects:
      - kind: ServiceAccount
        name: test-crunchy-userinit-controller
