should match snapshot with defautl:
  1: |
    apiVersion: v1
    kind: Service
    metadata:
      labels:
        app.kubernetes.io/instance: test
        app.kubernetes.io/managed-by: Helm
        app.kubernetes.io/name: crunchy-userinit-controller
        app.kubernetes.io/version: 0.0.0
        helm.sh/chart: crunchy-userinit-controller-0.0.0
      name: test-crunchy-userinit-controller
    spec:
      ports:
        - name: http
          port: 80
          protocol: TCP
          targetPort: http
      selector:
        app.kubernetes.io/instance: test
        app.kubernetes.io/name: crunchy-userinit-controller
      type: ClusterIP
